2026-09-06T21:34:48.285236838Z [inf]  Starting Container
2026-09-06T21:34:48.343041441Z [inf]  
2026-09-06T21:34:48.343045731Z [inf]    .   ____          _            __ _ _
2026-09-06T21:34:48.343049511Z [inf]   /\\ / ___'_ __ _ _(_)_ __  __ _ \ \ \ \
2026-09-06T21:34:48.343054561Z [inf]  ( ( )\___ | '_ | '_| | '_ \/ _` | \ \ \ \
2026-09-06T21:34:48.343058870Z [inf]   \\/  ___)| |_)| | | | | || (_| |  ) ) ) )
2026-09-06T21:34:48.343064050Z [inf]    '  |____| .__|_| |_|_| |_\__, | / / / /
2026-09-06T21:34:48.343068770Z [inf]   =========|_|==============|___/=/_/_/_/
2026-09-06T21:34:48.343072300Z [inf]  
2026-09-06T21:34:48.343076050Z [inf]   :: Spring Boot ::                (v3.5.3)
2026-09-06T21:34:48.343080070Z [inf]  
2026-09-06T21:34:48.343083880Z [inf]  2026-09-06T21:34:48.216Z  INFO 1 --- [bookly-backend] [           main] com.bookly.BooklyBackendApplication      : Starting BooklyBackendApplication v0.0.1-SNAPSHOT using Java 21.0.12 with PID 1 (/app/app.jar started by bookly in /app)
2026-09-06T21:34:48.343087750Z [inf]  2026-09-06T21:34:48.218Z  INFO 1 --- [bookly-backend] [           main] com.bookly.BooklyBackendApplication      : No active profile set, falling back to 1 default profile: "default"
2026-09-06T21:34:49.299221963Z [inf]  2026-09-06T21:34:49.291Z  INFO 1 --- [bookly-backend] [           main] .s.d.r.c.RepositoryConfigurationDelegate : Multiple Spring Data modules found, entering strict repository configuration mode
2026-09-06T21:34:49.299226913Z [inf]  2026-09-06T21:34:49.293Z  INFO 1 --- [bookly-backend] [           main] .s.d.r.c.RepositoryConfigurationDelegate : Bootstrapping Spring Data JPA repositories in DEFAULT mode.
2026-09-06T21:34:49.424015862Z [inf]  2026-09-06T21:34:49.420Z  INFO 1 --- [bookly-backend] [           main] .s.d.r.c.RepositoryConfigurationDelegate : Finished Spring Data repository scanning in 121 ms. Found 11 JPA repository interfaces.
2026-09-06T21:34:49.432908689Z [inf]  2026-09-06T21:34:49.432Z  INFO 1 --- [bookly-backend] [           main] .s.d.r.c.RepositoryConfigurationDelegate : Multiple Spring Data modules found, entering strict repository configuration mode
2026-09-06T21:34:49.436339445Z [inf]  2026-09-06T21:34:49.432Z  INFO 1 --- [bookly-backend] [           main] .s.d.r.c.RepositoryConfigurationDelegate : Bootstrapping Spring Data Redis repositories in DEFAULT mode.
2026-09-06T21:34:49.445259831Z [inf]  2026-09-06T21:34:49.440Z  INFO 1 --- [bookly-backend] [           main] .RepositoryConfigurationExtensionSupport : Spring Data Redis - Could not safely identify store assignment for repository candidate interface com.bookly.appointment.AppointmentRepository; If you want this repository to be a Redis repository, consider annotating your entities with one of these annotations: org.springframework.data.redis.core.RedisHash (preferred), or consider extending one of the following types with your repository: org.springframework.data.keyvalue.repository.KeyValueRepository
2026-09-06T21:34:49.445264121Z [inf]  2026-09-06T21:34:49.440Z  INFO 1 --- [bookly-backend] [           main] .RepositoryConfigurationExtensionSupport : Spring Data Redis - Could not safely identify store assignment for repository candidate interface com.bookly.appointment.AppointmentStatusChangeRepository; If you want this repository to be a Redis repository, consider annotating your entities with one of these annotations: org.springframework.data.redis.core.RedisHash (preferred), or consider extending one of the following types with your repository: org.springframework.data.keyvalue.repository.KeyValueRepository
2026-09-06T21:34:49.445268491Z [inf]  2026-09-06T21:34:49.440Z  INFO 1 --- [bookly-backend] [           main] .RepositoryConfigurationExtensionSupport : Spring Data Redis - Could not safely identify store assignment for repository candidate interface com.bookly.auth.RefreshTokenRepository; If you want this repository to be a Redis repository, consider annotating your entities with one of these annotations: org.springframework.data.redis.core.RedisHash (preferred), or consider extending one of the following types with your repository: org.springframework.data.keyvalue.repository.KeyValueRepository
2026-09-06T21:34:49.445271631Z [inf]  2026-09-06T21:34:49.440Z  INFO 1 --- [bookly-backend] [           main] .RepositoryConfigurationExtensionSupport : Spring Data Redis - Could not safely identify store assignment for repository candidate interface com.bookly.availability.BlockedTimeRepository; If you want this repository to be a Redis repository, consider annotating your entities with one of these annotations: org.springframework.data.redis.core.RedisHash (preferred), or consider extending one of the following types with your repository: org.springframework.data.keyvalue.repository.KeyValueRepository
2026-09-06T21:34:49.445585729Z [inf]  2026-09-06T21:34:49.441Z  INFO 1 --- [bookly-backend] [           main] .RepositoryConfigurationExtensionSupport : Spring Data Redis - Could not safely identify store assignment for repository candidate interface com.bookly.availability.WorkingHoursRepository; If you want this repository to be a Redis repository, consider annotating your entities with one of these annotations: org.springframework.data.redis.core.RedisHash (preferred), or consider extending one of the following types with your repository: org.springframework.data.keyvalue.repository.KeyValueRepository
2026-09-06T21:34:49.445591129Z [inf]  2026-09-06T21:34:49.441Z  INFO 1 --- [bookly-backend] [           main] .RepositoryConfigurationExtensionSupport : Spring Data Redis - Could not safely identify store assignment for repository candidate interface com.bookly.business.BusinessMemberRepository; If you want this repository to be a Redis repository, consider annotating your entities with one of these annotations: org.springframework.data.redis.core.RedisHash (preferred), or consider extending one of the following types with your repository: org.springframework.data.keyvalue.repository.KeyValueRepository
2026-09-06T21:34:49.445599899Z [inf]  2026-09-06T21:34:49.441Z  INFO 1 --- [bookly-backend] [           main] .RepositoryConfigurationExtensionSupport : Spring Data Redis - Could not safely identify store assignment for repository candidate interface com.bookly.business.BusinessRepository; If you want this repository to be a Redis repository, consider annotating your entities with one of these annotations: org.springframework.data.redis.core.RedisHash (preferred), or consider extending one of the following types with your repository: org.springframework.data.keyvalue.repository.KeyValueRepository
2026-09-06T21:34:49.445602988Z [inf]  2026-09-06T21:34:49.441Z  INFO 1 --- [bookly-backend] [           main] .RepositoryConfigurationExtensionSupport : Spring Data Redis - Could not safely identify store assignment for repository candidate interface com.bookly.customer.CustomerRepository; If you want this repository to be a Redis repository, consider annotating your entities with one of these annotations: org.springframework.data.redis.core.RedisHash (preferred), or consider extending one of the following types with your repository: org.springframework.data.keyvalue.repository.KeyValueRepository
2026-09-06T21:34:49.445631978Z [inf]  2026-09-06T21:34:49.441Z  INFO 1 --- [bookly-backend] [           main] .RepositoryConfigurationExtensionSupport : Spring Data Redis - Could not safely identify store assignment for repository candidate interface com.bookly.employee.EmployeeRepository; If you want this repository to be a Redis repository, consider annotating your entities with one of these annotations: org.springframework.data.redis.core.RedisHash (preferred), or consider extending one of the following types with your repository: org.springframework.data.keyvalue.repository.KeyValueRepository
2026-09-06T21:34:49.445635488Z [inf]  2026-09-06T21:34:49.441Z  INFO 1 --- [bookly-backend] [           main] .RepositoryConfigurationExtensionSupport : Spring Data Redis - Could not safely identify store assignment for repository candidate interface com.bookly.service.ServiceOfferingRepository; If you want this repository to be a Redis repository, consider annotating your entities with one of these annotations: org.springframework.data.redis.core.RedisHash (preferred), or consider extending one of the following types with your repository: org.springframework.data.keyvalue.repository.KeyValueRepository
2026-09-06T21:34:49.445639658Z [inf]  2026-09-06T21:34:49.441Z  INFO 1 --- [bookly-backend] [           main] .RepositoryConfigurationExtensionSupport : Spring Data Redis - Could not safely identify store assignment for repository candidate interface com.bookly.user.UserRepository; If you want this repository to be a Redis repository, consider annotating your entities with one of these annotations: org.springframework.data.redis.core.RedisHash (preferred), or consider extending one of the following types with your repository: org.springframework.data.keyvalue.repository.KeyValueRepository
2026-09-06T21:34:49.445682288Z [inf]  2026-09-06T21:34:49.441Z  INFO 1 --- [bookly-backend] [           main] .s.d.r.c.RepositoryConfigurationDelegate : Finished Spring Data repository scanning in 3 ms. Found 0 Redis repository interfaces.
2026-09-06T21:34:49.837773278Z [inf]  2026-09-06T21:34:49.813Z  INFO 1 --- [bookly-backend] [           main] o.s.b.w.embedded.tomcat.TomcatWebServer  : Tomcat initialized with port 8080 (http)
2026-09-06T21:34:49.837776028Z [inf]  2026-09-06T21:34:49.820Z  INFO 1 --- [bookly-backend] [           main] o.apache.catalina.core.StandardService   : Starting service [Tomcat]
2026-09-06T21:34:49.837778488Z [inf]  2026-09-06T21:34:49.821Z  INFO 1 --- [bookly-backend] [           main] o.apache.catalina.core.StandardEngine    : Starting Servlet engine: [Apache Tomcat/10.1.42]
2026-09-06T21:34:49.837781288Z [inf]  2026-09-06T21:34:49.835Z  INFO 1 --- [bookly-backend] [           main] o.a.c.c.C.[Tomcat].[localhost].[/]       : Initializing Spring embedded WebApplicationContext
2026-09-06T21:34:49.837783798Z [inf]  2026-09-06T21:34:49.836Z  INFO 1 --- [bookly-backend] [           main] w.s.c.ServletWebServerApplicationContext : Root WebApplicationContext: initialization completed in 1591 ms
2026-09-06T21:34:50.357788714Z [inf]  2026-09-06T21:34:50.312Z  INFO 1 --- [bookly-backend] [           main] com.zaxxer.hikari.HikariDataSource       : HikariPool-1 - Starting...
2026-09-06T21:34:50.669624326Z [inf]  2026-09-06T21:34:50.603Z  INFO 1 --- [bookly-backend] [           main] com.zaxxer.hikari.pool.HikariPool        : HikariPool-1 - Added connection org.postgresql.jdbc.PgConnection@7acfcfc4
2026-09-06T21:34:50.669633086Z [inf]  2026-09-06T21:34:50.604Z  INFO 1 --- [bookly-backend] [           main] com.zaxxer.hikari.HikariDataSource       : HikariPool-1 - Start completed.
2026-09-06T21:34:50.669638016Z [inf]  2026-09-06T21:34:50.623Z  INFO 1 --- [bookly-backend] [           main] org.flywaydb.core.FlywayExecutor         : Database: jdbc:postgresql://postgres.railway.internal:5432/railway (PostgreSQL 18.6)
2026-09-06T21:34:50.669641926Z [inf]  2026-09-06T21:34:50.632Z  WARN 1 --- [bookly-backend] [           main] o.f.c.internal.database.base.Database    : Flyway upgrade recommended: PostgreSQL 18.6 is newer than this version of Flyway and support has not been tested. The latest supported version of PostgreSQL is 17.
2026-09-06T21:34:50.669646156Z [inf]  2026-09-06T21:34:50.656Z  INFO 1 --- [bookly-backend] [           main] o.f.core.internal.command.DbValidate     : Successfully validated 5 migrations (execution time 00:00.017s)
2026-09-06T21:34:50.704540717Z [inf]  2026-09-06T21:34:50.696Z  INFO 1 --- [bookly-backend] [           main] o.f.core.internal.command.DbMigrate      : Current version of schema "public": 5
2026-09-06T21:34:50.704545767Z [inf]  2026-09-06T21:34:50.698Z  INFO 1 --- [bookly-backend] [           main] o.f.core.internal.command.DbMigrate      : Schema "public" is up to date. No migration necessary.
2026-09-06T21:34:50.775329962Z [inf]  2026-09-06T21:34:50.747Z  INFO 1 --- [bookly-backend] [           main] o.hibernate.jpa.internal.util.LogHelper  : HHH000204: Processing PersistenceUnitInfo [name: default]
2026-09-06T21:34:50.789129563Z [inf]  2026-09-06T21:34:50.787Z  INFO 1 --- [bookly-backend] [           main] org.hibernate.Version                    : HHH000412: Hibernate ORM core version 6.6.18.Final
2026-09-06T21:34:50.807366423Z [inf]  2026-09-06T21:34:50.806Z  INFO 1 --- [bookly-backend] [           main] o.h.c.internal.RegionFactoryInitiator    : HHH000026: Second-level cache disabled
2026-09-06T21:34:51.073422232Z [inf]  2026-09-06T21:34:50.989Z  INFO 1 --- [bookly-backend] [           main] o.s.o.j.p.SpringPersistenceUnitInfo      : No LoadTimeWeaver setup: ignoring JPA class transformer
2026-09-06T21:34:51.073426632Z [inf]  2026-09-06T21:34:51.038Z  INFO 1 --- [bookly-backend] [           main] org.hibernate.orm.connections.pooling    : HHH10001005: Database info:
2026-09-06T21:34:51.073430582Z [inf]  	Database JDBC URL [Connecting through datasource 'HikariDataSource (HikariPool-1)']
2026-09-06T21:34:51.073433372Z [inf]  	Database driver: undefined/unknown
2026-09-06T21:34:51.073437942Z [inf]  	Database version: 18.6
2026-09-06T21:34:51.073440432Z [inf]  	Autocommit mode: undefined/unknown
2026-09-06T21:34:51.073442732Z [inf]  	Isolation level: undefined/unknown
2026-09-06T21:34:51.073445072Z [inf]  	Minimum pool size: undefined/unknown
2026-09-06T21:34:51.073448302Z [inf]  	Maximum pool size: undefined/unknown
2026-09-06T21:34:51.706675788Z [inf]  2026-09-06T21:34:51.704Z  INFO 1 --- [bookly-backend] [           main] o.h.e.t.j.p.i.JtaPlatformInitiator       : HHH000489: No JTA platform available (set 'hibernate.transaction.jta.platform' to enable JTA platform integration)
2026-09-06T21:34:51.742112495Z [inf]  2026-09-06T21:34:51.731Z  INFO 1 --- [bookly-backend] [           main] j.LocalContainerEntityManagerFactoryBean : Initialized JPA EntityManagerFactory for persistence unit 'default'
2026-09-06T21:34:51.893967530Z [inf]  2026-09-06T21:34:51.892Z  INFO 1 --- [bookly-backend] [           main] o.s.d.j.r.query.QueryEnhancerFactory     : Hibernate is in classpath; If applicable, HQL parser will be used.
2026-09-06T21:34:53.324745066Z [inf]  2026-09-06T21:34:53.209Z  INFO 1 --- [bookly-backend] [           main] o.s.b.a.e.web.EndpointLinksResolver      : Exposing 1 endpoint beneath base path '/actuator'
2026-09-06T21:34:53.324747696Z [inf]  2026-09-06T21:34:53.227Z  WARN 1 --- [bookly-backend] [           main] .s.s.UserDetailsServiceAutoConfiguration : 
2026-09-06T21:34:53.324750546Z [inf]  
2026-09-06T21:34:53.324753106Z [inf]  Using generated security password: 73b82bc4-8926-40e1-a245-10c0aa342363
2026-09-06T21:34:53.324755466Z [inf]  
2026-09-06T21:34:53.324758316Z [inf]  This generated password is for development use only. Your security configuration must be updated before running your application in production.
2026-09-06T21:34:53.324760996Z [inf]  
2026-09-06T21:34:53.324763776Z [inf]  2026-09-06T21:34:53.233Z  INFO 1 --- [bookly-backend] [           main] r$InitializeUserDetailsManagerConfigurer : Global AuthenticationManager configured with UserDetailsService bean with name inMemoryUserDetailsManager
2026-09-06T21:34:53.604988683Z [inf]  2026-09-06T21:34:53.603Z  INFO 1 --- [bookly-backend] [           main] o.s.b.w.embedded.tomcat.TomcatWebServer  : Tomcat started on port 8080 (http) with context path '/'
2026-09-06T21:34:53.623063803Z [inf]  2026-09-06T21:34:53.614Z  INFO 1 --- [bookly-backend] [           main] com.bookly.BooklyBackendApplication      : Started BooklyBackendApplication in 5.723 seconds (process running for 6.057)